// Jest Snapshot v1, https://goo.gl/fbAQLP

exports[`SearchBar renders correctly 1`] = `
<form
  data-testid="search-posts-form"
  onSubmit={[Function]}
>
  <div
    className="input-group search-bar flex-nowrap mr-2"
  >
    <input
      className="form-control"
      data-testid="search-keywords-bar"
      id="keywords"
      onChange={[Function]}
      placeholder="Search..."
      type="text"
      value=""
    />
    <div
      className="input-group-append"
    >
      <button
        className="btn btn-primary"
        onClick={[Function]}
        type="submit"
      >
        <svg
          className="bi bi-search"
          fill="currentColor"
          height="16"
          viewBox="0 0 16 16"
          width="16"
          xmlns="http://www.w3.org/2000/svg"
        >
          <path
            d="M11.742 10.344a6.5 6.5 0 1 0-1.397 1.398h-.001c.03.04.062.078.098.115l3.85 3.85a1 1 0 0 0 1.415-1.414l-3.85-3.85a1.007 1.007 0 0 0-.115-.1zM12 6.5a5.5 5.5 0 1 1-11 0 5.5 5.5 0 0 1 11 0z"
          />
        </svg>
      </button>
      <button
        className="btn btn-secondary"
        data-testid="show-advanced-search-button"
        onClick={[Function]}
        type="button"
      >
        <svg
          className="bi bi-funnel-fill"
          fill="currentColor"
          height="16"
          viewBox="0 0 16 16"
          width="16"
          xmlns="http://www.w3.org/2000/svg"
        >
          <path
            d="M1.5 1.5A.5.5 0 0 1 2 1h12a.5.5 0 0 1 .5.5v2a.5.5 0 0 1-.128.334L10 8.692V13.5a.5.5 0 0 1-.342.474l-3 1A.5.5 0 0 1 6 14.5V8.692L1.628 3.834A.5.5 0 0 1 1.5 3.5v-2z"
          />
        </svg>
      </button>
    </div>
  </div>
</form>
`;
