// Jest Snapshot v1, https://goo.gl/fbAQLP

exports[`PageNotFound Component renders correctly 1`] = `
<div
  className="container mt-5"
>
  <div
    className="row"
  >
    <div
      className="col md-8 mx-auto text-center"
    >
      <h1
        className="display-4"
        data-testid="Title"
      >
        404 - Page Not Found
      </h1>
      <p
        className="text-secondary"
        data-testid="Description"
      >
        The page that you are looking for doesn't exists.
      </p>
    </div>
  </div>
</div>
`;
