// Jest Snapshot v1, https://goo.gl/fbAQLP

exports[`Notifications renders correctly 1`] = `
<li
  className="nav-item dropdown"
  data-testid="Notifications"
>
  <a
    className="dropdown-toggle nav-link"
    data-toggle="dropdown"
    href="#!"
  >
    <svg
      className="bi bi-bell"
      fill="currentColor"
      height="16"
      viewBox="0 0 16 16"
      width="16"
      xmlns="http://www.w3.org/2000/svg"
    >
      <path
        d="M8 16a2 2 0 0 0 2-2H6a2 2 0 0 0 2 2zM8 1.918l-.797.161A4.002 4.002 0 0 0 4 6c0 .628-.134 2.197-.459 3.742-.16.767-.376 1.566-.663 2.258h10.244c-.287-.692-.502-1.49-.663-2.258C12.134 8.197 12 6.628 12 6a4.002 4.002 0 0 0-3.203-3.92L8 1.917zM14.22 12c.223.447.481.801.78 1H1c.299-.199.557-.553.78-1C2.68 10.2 3 6.88 3 6c0-2.42 1.72-4.44 4.005-4.901a1 1 0 1 1 1.99 0A5.002 5.002 0 0 1 13 6c0 .88.32 4.2 1.22 6z"
      />
    </svg>
    <span
      className="badge bg-danger text-white ms-1 rounded-pill"
    >
      1
    </span>
  </a>
  <div
    className="dropdown-menu dropdown-menu-right notification-box"
  >
    <button
      className="dropdown-item border-bottom"
      data-testid="NotificationButton"
      onClick={[Function]}
      style={
        Object {
          "overflowX": "hidden",
        }
      }
    >
      <div
        className=""
        style={
          Object {
            "minWidth": "300px",
          }
        }
      >
        <div
          className="row text-center"
        >
          <div
            className="col-2"
          >
            <img
              alt="Avatar"
              data-testid="Avatar"
              height="30px"
              src="/poster/assets/profile.png"
              width="30px"
            />
          </div>
          <div
            className="col-8 text-center"
          >
            <small
              style={
                Object {
                  "display": "block",
                  "fontSize": "12px",
                  "maxWidth": "100%",
                  "whiteSpace": "normal",
                }
              }
            >
              <span
                data-testid="Date"
                style={
                  Object {
                    "color": "grey",
                    "display": "block",
                    "whiteSpace": "nowrap",
                  }
                }
              >
                1/1/1970 12:00:00 AM
              </span>
              <br />
            </small>
          </div>
          <div
            className="col-2"
          >
            <span
              className="badge bg-danger text-white rounded-pill"
              data-testid="WarningNotification"
            >
              <small
                style={
                  Object {
                    "color": "#dc3545",
                  }
                }
              >
                 •
              </small>
            </span>
          </div>
        </div>
        <span
          data-testid="NotificationText"
          style={
            Object {
              "display": "block",
              "fontSize": "12px",
              "maxWidth": "100%",
              "textAlign": "justify",
              "whiteSpace": "normal",
            }
          }
        >
          Hola
        </span>
      </div>
    </button>
  </div>
</li>
`;
