// Jest Snapshot v1, https://goo.gl/fbAQLP

exports[`SignUp renders correctly 1`] = `
<div
  className="container"
>
  <div
    className="card bg-light border-dark m-4"
  >
    <h5
      className="card-header text-center"
    >
      Sign up
    </h5>
    <div
      className="card-body"
    >
      <form
        className="needs-validation"
        noValidate={true}
        onSubmit={[Function]}
      >
        <div
          className="form-group row"
        >
          <label
            className="col-md-6 col-form-label"
            htmlFor="login"
          >
            Login
          </label>
          <div
            className="col-md-6"
          >
            <input
              autoFocus={true}
              className="form-control"
              id="login"
              onChange={[Function]}
              required={true}
              type="text"
              value=""
            />
            <div
              className="invalid-feedback"
            >
              The login is required
            </div>
          </div>
        </div>
        <div
          className="form-group row"
        >
          <label
            className="col-md-6 col-form-label"
            htmlFor="email"
          >
            Email
          </label>
          <div
            className="col-md-6"
          >
            <input
              className="form-control"
              id="email"
              onChange={[Function]}
              required={true}
              type="text"
              value=""
            />
            <div
              className="invalid-feedback"
            >
              The email is required
            </div>
          </div>
        </div>
        <div
          className="form-group row"
        >
          <label
            className="col-md-6 col-form-label"
            htmlFor="password"
          >
            Password
          </label>
          <div
            className="col-md-6"
          >
            <input
              className="form-control"
              id="password"
              onChange={[Function]}
              required={true}
              type="password"
              value=""
            />
            <div
              className="invalid-feedback"
            >
              The password is required
            </div>
          </div>
        </div>
        <div
          className="form-group row"
        >
          <label
            className="col-md-6 col-form-label"
            htmlFor="confirmPassword"
          >
            Confirm password
          </label>
          <div
            className="col-md-6"
          >
            <input
              className="form-control"
              id="confirmPassword"
              onChange={[Function]}
              required={true}
              type="password"
              value=""
            />
            <div
              className="invalid-feedback"
            >
              The password confirmation is required
            </div>
          </div>
        </div>
        <div
          className="form-group row"
        >
          <label
            className="col-md-6 col-form-label"
            htmlFor="firstName"
          >
            First name
          </label>
          <div
            className="col-md-6"
          >
            <input
              className="form-control"
              id="firstName"
              onChange={[Function]}
              required={true}
              type="text"
              value=""
            />
            <div
              className="invalid-feedback"
            >
              The first name is required
            </div>
          </div>
        </div>
        <div
          className="form-group row"
        >
          <label
            className="col-md-6 col-form-label"
            htmlFor="lastName"
          >
            Last name
          </label>
          <div
            className="col-md-6"
          >
            <input
              className="form-control"
              id="lastName"
              onChange={[Function]}
              required={true}
              type="text"
              value=""
            />
            <div
              className="invalid-feedback"
            >
              The last name is required
            </div>
          </div>
        </div>
        <div
          className="form-group row"
        >
          <label
            className="col-md-6 col-form-label"
            htmlFor="avatar"
          >
            Avatar
          </label>
          <div
            className="col-md-6"
          >
            <input
              accept="image/*"
              id="avatar"
              onChange={[Function]}
              type="file"
            />
            <button
              className="btn btn-outline-danger"
              onClick={[Function]}
              style={
                Object {
                  "display": "none",
                }
              }
              type="button"
            >
              <svg
                className="bi bi-trash"
                fill="currentColor"
                height="16"
                viewBox="0 0 16 16"
                width="16"
                xmlns="http://www.w3.org/2000/svg"
              >
                <path
                  d="M5.5 5.5A.5.5 0 0 1 6 6v6a.5.5 0 0 1-1 0V6a.5.5 0 0 1 .5-.5Zm2.5 0a.5.5 0 0 1 .5.5v6a.5.5 0 0 1-1 0V6a.5.5 0 0 1 .5-.5Zm3 .5a.5.5 0 0 0-1 0v6a.5.5 0 0 0 1 0V6Z"
                />
                <path
                  d="M14.5 3a1 1 0 0 1-1 1H13v9a2 2 0 0 1-2 2H5a2 2 0 0 1-2-2V4h-.5a1 1 0 0 1-1-1V2a1 1 0 0 1 1-1H6a1 1 0 0 1 1-1h2a1 1 0 0 1 1 1h3.5a1 1 0 0 1 1 1v1ZM4.118 4 4 4.059V13a1 1 0 0 0 1 1h6a1 1 0 0 0 1-1V4.059L11.882 4H4.118ZM2.5 3h11V2h-11v1Z"
                />
              </svg>
            </button>
            <div
              className="invalid-feedback"
            >
              The maximum size allowed is 1MB.
            </div>
          </div>
        </div>
        <div
          className="text-center"
        >
          <button
            className="btn btn-primary"
            type="submit"
          >
            Submit
          </button>
        </div>
      </form>
    </div>
  </div>
</div>
`;
